addiu:
addiu_1 addiu Pass
addiu_10 addiu Pass
addiu_11 addiu Pass
addiu_12 addiu Pass
addiu_13 addiu Pass
addiu_14 addiu Pass
addiu_15 addiu Pass
addiu_16 addiu Pass
addiu_17 addiu Pass
addiu_18 addiu Pass
addiu_19 addiu Pass
addiu_2 addiu Pass
addiu_20 addiu Pass
addiu_3 addiu Pass
addiu_4 addiu Pass
addiu_5 addiu Pass
addiu_6 addiu Pass
addiu_7 addiu Pass
addiu_8 addiu Pass
addiu_9 addiu Pass
addu:
addu_1 addu Pass
addu_10 addu Pass
addu_11 addu Pass
addu_12 addu Pass
addu_13 addu Pass
addu_14 addu Pass
addu_15 addu Pass
addu_16 addu Pass
addu_17 addu Pass
addu_18 addu Pass
addu_19 addu Pass
addu_2 addu Pass
addu_20 addu Pass
addu_3 addu Pass
addu_4 addu Pass
addu_5 addu Pass
addu_6 addu Pass
addu_7 addu Pass
addu_8 addu Pass
addu_9 addu Pass
and:
and_1 and Pass
and_10 and Pass
and_11 and Pass
and_12 and Pass
and_13 and Pass
and_14 and Pass
and_15 and Pass
and_16 and Pass
and_17 and Pass
and_18 and Pass
and_19 and Pass
and_2 and Pass
and_20 and Pass
and_3 and Pass
and_4 and Pass
and_5 and Pass
and_6 and Pass
and_7 and Pass
and_8 and Pass
and_9 and Pass
andi:
andi_1 andi Pass
andi_10 andi Pass
andi_11 andi Pass
andi_12 andi Pass
andi_13 andi Pass
andi_14 andi Pass
andi_15 andi Pass
andi_16 andi Pass
andi_17 andi Pass
andi_18 andi Pass
andi_19 andi Pass
andi_2 andi Pass
andi_20 andi Pass
andi_3 andi Pass
andi_4 andi Pass
andi_5 andi Pass
andi_6 andi Pass
andi_7 andi Pass
andi_8 andi Pass
andi_9 andi Pass
beq:
beq_1 beq Pass
beq_10 beq Pass
beq_11 beq Pass
beq_12 beq Pass
beq_13 beq Pass
beq_14 beq Pass
beq_15 beq Pass
beq_16 beq Pass
beq_17 beq Pass
beq_18 beq Pass
beq_19 beq Pass
beq_2 beq Pass
beq_20 beq Pass
beq_3 beq Pass
beq_4 beq Pass
beq_5 beq Pass
beq_6 beq Pass
beq_7 beq Pass
beq_8 beq Pass
beq_9 beq Pass
bgez:
bgez_1 bgez Pass
bgez_10 bgez Pass
bgez_11 bgez Pass
bgez_12 bgez Pass
bgez_13 bgez Pass
bgez_14 bgez Pass
bgez_15 bgez Pass
bgez_16 bgez Pass
bgez_17 bgez Pass
bgez_18 bgez Pass
bgez_19 bgez Pass
bgez_2 bgez Pass
bgez_20 bgez Pass
bgez_3 bgez Pass
bgez_4 bgez Pass
bgez_5 bgez Pass
bgez_6 bgez Pass
bgez_7 bgez Pass
bgez_8 bgez Pass
bgez_9 bgez Pass
bgezal:
bgezal_1 bgezal Pass
bgezal_10 bgezal Pass
bgezal_11 bgezal Pass
bgezal_12 bgezal Pass
bgezal_13 bgezal Pass
bgezal_14 bgezal Pass
bgezal_15 bgezal Pass
bgezal_16 bgezal Pass
bgezal_17 bgezal Pass
bgezal_18 bgezal Pass
bgezal_19 bgezal Pass
bgezal_2 bgezal Pass
bgezal_20 bgezal Pass
bgezal_3 bgezal Pass
bgezal_4 bgezal Pass
bgezal_5 bgezal Pass
bgezal_6 bgezal Pass
bgezal_7 bgezal Pass
bgezal_8 bgezal Pass
bgezal_9 bgezal Pass
bgtz:
bgtz_1 bgtz Pass
bgtz_10 bgtz Pass
bgtz_11 bgtz Pass
bgtz_12 bgtz Pass
bgtz_13 bgtz Pass
bgtz_14 bgtz Pass
bgtz_15 bgtz Pass
bgtz_16 bgtz Pass
bgtz_17 bgtz Pass
bgtz_18 bgtz Pass
bgtz_19 bgtz Pass
bgtz_2 bgtz Pass
bgtz_20 bgtz Pass
bgtz_3 bgtz Pass
bgtz_4 bgtz Pass
bgtz_5 bgtz Pass
bgtz_6 bgtz Pass
bgtz_7 bgtz Pass
bgtz_8 bgtz Pass
bgtz_9 bgtz Pass
blez:
blez_1 blez Pass
blez_10 blez Pass
blez_11 blez Pass
blez_12 blez Pass
blez_13 blez Pass
blez_14 blez Pass
blez_15 blez Pass
blez_16 blez Pass
blez_17 blez Pass
blez_18 blez Pass
blez_19 blez Pass
blez_2 blez Pass
blez_20 blez Pass
blez_3 blez Pass
blez_4 blez Pass
blez_5 blez Pass
blez_6 blez Pass
blez_7 blez Pass
blez_8 blez Pass
blez_9 blez Pass
bltz:
bltz_1 bltz Pass
bltz_10 bltz Pass
bltz_11 bltz Pass
bltz_12 bltz Pass
bltz_13 bltz Pass
bltz_14 bltz Pass
bltz_15 bltz Pass
bltz_16 bltz Pass
bltz_17 bltz Pass
bltz_18 bltz Pass
bltz_19 bltz Pass
bltz_2 bltz Pass
bltz_20 bltz Pass
bltz_3 bltz Pass
bltz_4 bltz Pass
bltz_5 bltz Pass
bltz_6 bltz Pass
bltz_7 bltz Pass
bltz_8 bltz Pass
bltz_9 bltz Pass
bltzal:
bltzal_1 bltzal Pass
bltzal_10 bltzal Pass
bltzal_11 bltzal Pass
bltzal_12 bltzal Pass
bltzal_13 bltzal Pass
bltzal_14 bltzal Pass
bltzal_15 bltzal Pass
bltzal_16 bltzal Pass
bltzal_17 bltzal Pass
bltzal_18 bltzal Pass
bltzal_19 bltzal Pass
bltzal_2 bltzal Pass
bltzal_20 bltzal Pass
bltzal_3 bltzal Pass
bltzal_4 bltzal Pass
bltzal_5 bltzal Pass
bltzal_6 bltzal Pass
bltzal_7 bltzal Pass
bltzal_8 bltzal Pass
bltzal_9 bltzal Pass
bne:
bne_1 bne Pass
bne_10 bne Pass
bne_11 bne Pass
bne_12 bne Pass
bne_13 bne Pass
bne_14 bne Pass
bne_15 bne Pass
bne_16 bne Pass
bne_17 bne Pass
bne_18 bne Pass
bne_19 bne Pass
bne_2 bne Pass
bne_20 bne Pass
bne_3 bne Pass
bne_4 bne Pass
bne_5 bne Pass
bne_6 bne Pass
bne_7 bne Pass
bne_8 bne Pass
bne_9 bne Pass
div:
div_1 div Pass
div_10 div Pass
div_11 div Pass
div_12 div Pass
div_13 div Pass
div_14 div Pass
div_15 div Pass
div_16 div Pass
div_17 div Pass
div_18 div Pass
div_19 div Pass
div_2 div Pass
div_20 div Pass
div_3 div Pass
div_4 div Pass
div_5 div Pass
div_6 div Pass
div_7 div Pass
div_8 div Pass
div_9 div Pass
divu:
divu_1 divu Pass
divu_10 divu Pass
divu_11 divu Pass
divu_12 divu Pass
divu_13 divu Pass
divu_14 divu Pass
divu_15 divu Pass
divu_16 divu Pass
divu_17 divu Pass
divu_18 divu Pass
divu_19 divu Pass
divu_2 divu Pass
divu_20 divu Pass
divu_3 divu Pass
divu_4 divu Pass
divu_5 divu Pass
divu_6 divu Pass
divu_7 divu Pass
divu_8 divu Pass
divu_9 divu Pass
j:
j_1 j Pass
j_10 j Pass
j_11 j Pass
j_12 j Pass
j_13 j Pass
j_14 j Pass
j_15 j Pass
j_16 j Pass
j_17 j Pass
j_18 j Pass
j_19 j Pass
j_2 j Pass
j_20 j Pass
j_3 j Pass
j_4 j Pass
j_5 j Pass
j_6 j Pass
j_7 j Pass
j_8 j Pass
j_9 j Pass
jal:
jal_1 jal Pass
jal_10 jal Pass
jal_11 jal Pass
jal_12 jal Pass
jal_13 jal Pass
jal_14 jal Pass
jal_15 jal Pass
jal_16 jal Pass
jal_17 jal Pass
jal_18 jal Pass
jal_19 jal Pass
jal_2 jal Pass
jal_20 jal Pass
jal_3 jal Pass
jal_4 jal Pass
jal_5 jal Pass
jal_6 jal Pass
jal_7 jal Pass
jal_8 jal Pass
jal_9 jal Pass
jalr:
jalr_1 jalr Pass
jalr_10 jalr Pass
jalr_11 jalr Pass
jalr_12 jalr Pass
jalr_13 jalr Pass
jalr_14 jalr Pass
jalr_15 jalr Pass
jalr_16 jalr Pass
jalr_17 jalr Pass
jalr_18 jalr Pass
jalr_19 jalr Pass
jalr_2 jalr Pass
jalr_20 jalr Pass
jalr_3 jalr Pass
jalr_4 jalr Pass
jalr_5 jalr Pass
jalr_6 jalr Pass
jalr_7 jalr Pass
jalr_8 jalr Pass
jalr_9 jalr Pass
jr:
jr_1 jr Pass
jr_10 jr Pass
jr_11 jr Pass
jr_12 jr Pass
jr_13 jr Pass
jr_14 jr Pass
jr_15 jr Pass
jr_16 jr Pass
jr_17 jr Pass
jr_18 jr Pass
jr_19 jr Pass
jr_2 jr Pass
jr_20 jr Pass
jr_3 jr Pass
jr_4 jr Pass
jr_5 jr Pass
jr_6 jr Pass
jr_7 jr Pass
jr_8 jr Pass
jr_9 jr Pass
lb:
lb_1 lb Pass
lb_10 lb Pass
lb_11 lb Pass
lb_12 lb Pass
lb_13 lb Pass
lb_14 lb Pass
lb_15 lb Pass
lb_16 lb Pass
lb_17 lb Pass
lb_18 lb Pass
lb_19 lb Pass
lb_2 lb Pass
lb_20 lb Pass
lb_3 lb Pass
lb_4 lb Pass
lb_5 lb Pass
lb_6 lb Pass
lb_7 lb Pass
lb_8 lb Pass
lb_9 lb Pass
lbu:
lbu_1 lbu Pass
lbu_10 lbu Pass
lbu_11 lbu Pass
lbu_12 lbu Pass
lbu_13 lbu Pass
lbu_14 lbu Pass
lbu_15 lbu Pass
lbu_16 lbu Pass
lbu_17 lbu Pass
lbu_18 lbu Pass
lbu_19 lbu Pass
lbu_2 lbu Pass
lbu_20 lbu Pass
lbu_3 lbu Pass
lbu_4 lbu Pass
lbu_5 lbu Pass
lbu_6 lbu Pass
lbu_7 lbu Pass
lbu_8 lbu Pass
lbu_9 lbu Pass
lh:
lh_1 lh Pass
lh_10 lh Pass
lh_11 lh Pass
lh_12 lh Pass
lh_13 lh Pass
lh_14 lh Pass
lh_15 lh Pass
lh_16 lh Pass
lh_17 lh Pass
lh_18 lh Pass
lh_19 lh Pass
lh_2 lh Pass
lh_20 lh Pass
lh_3 lh Pass
lh_4 lh Pass
lh_5 lh Pass
lh_6 lh Pass
lh_7 lh Pass
lh_8 lh Pass
lh_9 lh Pass
lhu:
lhu_1 lhu Pass
lhu_10 lhu Pass
lhu_11 lhu Pass
lhu_12 lhu Pass
lhu_13 lhu Pass
lhu_14 lhu Pass
lhu_15 lhu Pass
lhu_16 lhu Pass
lhu_17 lhu Pass
lhu_18 lhu Pass
lhu_19 lhu Pass
lhu_2 lhu Pass
lhu_20 lhu Pass
lhu_3 lhu Pass
lhu_4 lhu Pass
lhu_5 lhu Pass
lhu_6 lhu Pass
lhu_7 lhu Pass
lhu_8 lhu Pass
lhu_9 lhu Pass
lui:
lui_1 lui Pass
lui_10 lui Pass
lui_11 lui Pass
lui_12 lui Pass
lui_13 lui Pass
lui_14 lui Pass
lui_15 lui Pass
lui_16 lui Pass
lui_17 lui Pass
lui_18 lui Pass
lui_19 lui Pass
lui_2 lui Pass
lui_20 lui Pass
lui_3 lui Pass
lui_4 lui Pass
lui_5 lui Pass
lui_6 lui Pass
lui_7 lui Pass
lui_8 lui Pass
lui_9 lui Pass
lw:
lw_1 lw Pass
lw_10 lw Pass
lw_11 lw Pass
lw_12 lw Pass
lw_13 lw Pass
lw_14 lw Pass
lw_15 lw Pass
lw_16 lw Pass
lw_17 lw Pass
lw_18 lw Pass
lw_19 lw Pass
lw_2 lw Pass
lw_20 lw Pass
lw_3 lw Pass
lw_4 lw Pass
lw_5 lw Pass
lw_6 lw Pass
lw_7 lw Pass
lw_8 lw Pass
lw_9 lw Pass
lwl:
lwl_1 lwl Pass
lwl_10 lwl Pass
lwl_11 lwl Pass
lwl_12 lwl Pass
lwl_13 lwl Pass
lwl_14 lwl Pass
lwl_15 lwl Pass
lwl_16 lwl Pass
lwl_17 lwl Pass
lwl_18 lwl Pass
lwl_19 lwl Pass
lwl_2 lwl Pass
lwl_20 lwl Pass
lwl_3 lwl Pass
lwl_4 lwl Pass
lwl_5 lwl Pass
lwl_6 lwl Pass
lwl_7 lwl Pass
lwl_8 lwl Pass
lwl_9 lwl Pass
lwr:
lwr_1 lwr Pass
lwr_10 lwr Pass
lwr_11 lwr Pass
lwr_12 lwr Pass
lwr_13 lwr Pass
lwr_14 lwr Pass
lwr_15 lwr Pass
lwr_16 lwr Pass
lwr_17 lwr Pass
lwr_18 lwr Pass
lwr_19 lwr Pass
lwr_2 lwr Pass
lwr_20 lwr Pass
lwr_3 lwr Pass
lwr_4 lwr Pass
lwr_5 lwr Pass
lwr_6 lwr Pass
lwr_7 lwr Pass
lwr_8 lwr Pass
lwr_9 lwr Pass
mthi:
mthi_1 mthi Pass
mthi_10 mthi Pass
mthi_11 mthi Pass
mthi_12 mthi Pass
mthi_13 mthi Pass
mthi_14 mthi Pass
mthi_15 mthi Pass
mthi_16 mthi Pass
mthi_17 mthi Pass
mthi_18 mthi Pass
mthi_19 mthi Pass
mthi_2 mthi Pass
mthi_20 mthi Pass
mthi_3 mthi Pass
mthi_4 mthi Pass
mthi_5 mthi Pass
mthi_6 mthi Pass
mthi_7 mthi Pass
mthi_8 mthi Pass
mthi_9 mthi Pass
mtlo:
mtlo_1 mtlo Pass
mtlo_10 mtlo Pass
mtlo_11 mtlo Pass
mtlo_12 mtlo Pass
mtlo_13 mtlo Pass
mtlo_14 mtlo Pass
mtlo_15 mtlo Pass
mtlo_16 mtlo Pass
mtlo_17 mtlo Pass
mtlo_18 mtlo Pass
mtlo_19 mtlo Pass
mtlo_2 mtlo Pass
mtlo_20 mtlo Pass
mtlo_3 mtlo Pass
mtlo_4 mtlo Pass
mtlo_5 mtlo Pass
mtlo_6 mtlo Pass
mtlo_7 mtlo Pass
mtlo_8 mtlo Pass
mtlo_9 mtlo Pass
mult:
mult_1 mult Pass
mult_10 mult Pass
mult_11 mult Pass
mult_12 mult Pass
mult_13 mult Pass
mult_14 mult Pass
mult_15 mult Pass
mult_16 mult Pass
mult_17 mult Pass
mult_18 mult Pass
mult_19 mult Pass
mult_2 mult Pass
mult_20 mult Pass
mult_3 mult Pass
mult_4 mult Pass
mult_5 mult Pass
mult_6 mult Pass
mult_7 mult Pass
mult_8 mult Pass
mult_9 mult Pass
multu:
multu_1 multu Pass
multu_10 multu Pass
multu_11 multu Pass
multu_12 multu Pass
multu_13 multu Pass
multu_14 multu Pass
multu_15 multu Pass
multu_16 multu Pass
multu_17 multu Pass
multu_18 multu Pass
multu_19 multu Pass
multu_2 multu Pass
multu_20 multu Pass
multu_3 multu Pass
multu_4 multu Pass
multu_5 multu Pass
multu_6 multu Pass
multu_7 multu Pass
multu_8 multu Pass
multu_9 multu Pass
or:
or_1 or Pass
or_10 or Pass
or_11 or Pass
or_12 or Pass
or_13 or Pass
or_14 or Pass
or_15 or Pass
or_16 or Pass
or_17 or Pass
or_18 or Pass
or_19 or Pass
or_2 or Pass
or_20 or Pass
or_3 or Pass
or_4 or Pass
or_5 or Pass
or_6 or Pass
or_7 or Pass
or_8 or Pass
or_9 or Pass
ori:
ori_1 ori Pass
ori_10 ori Pass
ori_11 ori Pass
ori_12 ori Pass
ori_13 ori Pass
ori_14 ori Pass
ori_15 ori Pass
ori_16 ori Pass
ori_17 ori Pass
ori_18 ori Pass
ori_19 ori Pass
ori_2 ori Pass
ori_20 ori Pass
ori_3 ori Pass
ori_4 ori Pass
ori_5 ori Pass
ori_6 ori Pass
ori_7 ori Pass
ori_8 ori Pass
ori_9 ori Pass
sb:
sb_1 sb Pass
sb_10 sb Pass
sb_11 sb Pass
sb_12 sb Pass
sb_13 sb Pass
sb_14 sb Pass
sb_15 sb Pass
sb_16 sb Pass
sb_17 sb Pass
sb_18 sb Pass
sb_19 sb Pass
sb_2 sb Pass
sb_20 sb Pass
sb_3 sb Pass
sb_4 sb Pass
sb_5 sb Pass
sb_6 sb Pass
sb_7 sb Pass
sb_8 sb Pass
sb_9 sb Pass
sh:
sh_1 sh Pass
sh_10 sh Pass
sh_11 sh Pass
sh_12 sh Pass
sh_13 sh Pass
sh_14 sh Pass
sh_15 sh Pass
sh_16 sh Pass
sh_17 sh Pass
sh_18 sh Pass
sh_19 sh Pass
sh_2 sh Pass
sh_20 sh Pass
sh_3 sh Pass
sh_4 sh Pass
sh_5 sh Pass
sh_6 sh Pass
sh_7 sh Pass
sh_8 sh Pass
sh_9 sh Pass
sll:
sll_1 sll Pass
sll_10 sll Pass
sll_11 sll Pass
sll_12 sll Pass
sll_13 sll Pass
sll_14 sll Pass
sll_15 sll Pass
sll_16 sll Pass
sll_17 sll Pass
sll_18 sll Pass
sll_19 sll Pass
sll_2 sll Pass
sll_20 sll Pass
sll_3 sll Pass
sll_4 sll Pass
sll_5 sll Pass
sll_6 sll Pass
sll_7 sll Pass
sll_8 sll Pass
sll_9 sll Pass
sllv:
sllv_1 sllv Pass
sllv_10 sllv Pass
sllv_11 sllv Pass
sllv_12 sllv Pass
sllv_13 sllv Pass
sllv_14 sllv Pass
sllv_15 sllv Pass
sllv_16 sllv Pass
sllv_17 sllv Pass
sllv_18 sllv Pass
sllv_19 sllv Pass
sllv_2 sllv Pass
sllv_20 sllv Pass
sllv_3 sllv Pass
sllv_4 sllv Pass
sllv_5 sllv Pass
sllv_6 sllv Pass
sllv_7 sllv Pass
sllv_8 sllv Pass
sllv_9 sllv Pass
slt:
slt_1 slt Pass
slt_10 slt Pass
slt_11 slt Pass
slt_12 slt Pass
slt_13 slt Pass
slt_14 slt Pass
slt_15 slt Pass
slt_16 slt Pass
slt_17 slt Pass
slt_18 slt Pass
slt_19 slt Pass
slt_2 slt Pass
slt_20 slt Pass
slt_3 slt Pass
slt_4 slt Pass
slt_5 slt Pass
slt_6 slt Pass
slt_7 slt Pass
slt_8 slt Pass
slt_9 slt Pass
slti:
slti_1 slti Pass
slti_10 slti Pass
slti_11 slti Pass
slti_12 slti Pass
slti_13 slti Pass
slti_14 slti Pass
slti_15 slti Pass
slti_16 slti Pass
slti_17 slti Pass
slti_18 slti Pass
slti_19 slti Pass
slti_2 slti Pass
slti_20 slti Pass
slti_3 slti Pass
slti_4 slti Pass
slti_5 slti Pass
slti_6 slti Pass
slti_7 slti Pass
slti_8 slti Pass
slti_9 slti Pass
sltiu:
sltiu_1 sltiu Pass
sltiu_10 sltiu Pass
sltiu_11 sltiu Pass
sltiu_12 sltiu Pass
sltiu_13 sltiu Pass
sltiu_14 sltiu Pass
sltiu_15 sltiu Pass
sltiu_16 sltiu Pass
sltiu_17 sltiu Pass
sltiu_18 sltiu Pass
sltiu_19 sltiu Pass
sltiu_2 sltiu Pass
sltiu_20 sltiu Pass
sltiu_3 sltiu Pass
sltiu_4 sltiu Pass
sltiu_5 sltiu Pass
sltiu_6 sltiu Pass
sltiu_7 sltiu Pass
sltiu_8 sltiu Pass
sltiu_9 sltiu Pass
sltu:
sltu_1 sltu Pass
sltu_10 sltu Pass
sltu_11 sltu Pass
sltu_12 sltu Pass
sltu_13 sltu Pass
sltu_14 sltu Pass
sltu_15 sltu Pass
sltu_16 sltu Pass
sltu_17 sltu Pass
sltu_18 sltu Pass
sltu_19 sltu Pass
sltu_2 sltu Pass
sltu_20 sltu Pass
sltu_3 sltu Pass
sltu_4 sltu Pass
sltu_5 sltu Pass
sltu_6 sltu Pass
sltu_7 sltu Pass
sltu_8 sltu Pass
sltu_9 sltu Pass
sra:
sra_1 sra Pass
sra_10 sra Pass
sra_11 sra Pass
sra_12 sra Pass
sra_13 sra Pass
sra_14 sra Pass
sra_15 sra Pass
sra_16 sra Pass
sra_17 sra Pass
sra_18 sra Pass
sra_19 sra Pass
sra_2 sra Pass
sra_20 sra Pass
sra_3 sra Pass
sra_4 sra Pass
sra_5 sra Pass
sra_6 sra Pass
sra_7 sra Pass
sra_8 sra Pass
sra_9 sra Pass
srav:
srav_1 srav Pass
srav_10 srav Pass
srav_11 srav Pass
srav_12 srav Pass
srav_13 srav Pass
srav_14 srav Pass
srav_15 srav Pass
srav_16 srav Pass
srav_17 srav Pass
srav_18 srav Pass
srav_19 srav Pass
srav_2 srav Pass
srav_20 srav Pass
srav_3 srav Pass
srav_4 srav Pass
srav_5 srav Pass
srav_6 srav Pass
srav_7 srav Pass
srav_8 srav Pass
srav_9 srav Pass
srl:
srl_1 srl Pass
srl_10 srl Pass
srl_11 srl Pass
srl_12 srl Pass
srl_13 srl Pass
srl_14 srl Pass
srl_15 srl Pass
srl_16 srl Pass
srl_17 srl Pass
srl_18 srl Pass
srl_19 srl Pass
srl_2 srl Pass
srl_20 srl Pass
srl_3 srl Pass
srl_4 srl Pass
srl_5 srl Pass
srl_6 srl Pass
srl_7 srl Pass
srl_8 srl Pass
srl_9 srl Pass
srlv:
srlv_1 srlv Pass
srlv_10 srlv Pass
srlv_11 srlv Pass
srlv_12 srlv Pass
srlv_13 srlv Pass
srlv_14 srlv Pass
srlv_15 srlv Pass
srlv_16 srlv Pass
srlv_17 srlv Pass
srlv_18 srlv Pass
srlv_19 srlv Pass
srlv_2 srlv Pass
srlv_20 srlv Pass
srlv_3 srlv Pass
srlv_4 srlv Pass
srlv_5 srlv Pass
srlv_6 srlv Pass
srlv_7 srlv Pass
srlv_8 srlv Pass
srlv_9 srlv Pass
subu:
subu_1 subu Pass
subu_10 subu Pass
subu_11 subu Pass
subu_12 subu Pass
subu_13 subu Pass
subu_14 subu Pass
subu_15 subu Pass
subu_16 subu Pass
subu_17 subu Pass
subu_18 subu Pass
subu_19 subu Pass
subu_2 subu Pass
subu_20 subu Pass
subu_3 subu Pass
subu_4 subu Pass
subu_5 subu Pass
subu_6 subu Pass
subu_7 subu Pass
subu_8 subu Pass
subu_9 subu Pass
sw:
sw_1 sw Pass
sw_10 sw Pass
sw_11 sw Pass
sw_12 sw Pass
sw_13 sw Pass
sw_14 sw Pass
sw_15 sw Pass
sw_16 sw Pass
sw_17 sw Pass
sw_18 sw Pass
sw_19 sw Pass
sw_2 sw Pass
sw_20 sw Pass
sw_3 sw Pass
sw_4 sw Pass
sw_5 sw Pass
sw_6 sw Pass
sw_7 sw Pass
sw_8 sw Pass
sw_9 sw Pass
xor:
xor_1 xor Pass
xor_10 xor Pass
xor_11 xor Pass
xor_12 xor Pass
xor_13 xor Pass
xor_14 xor Pass
xor_15 xor Pass
xor_16 xor Pass
xor_17 xor Pass
xor_18 xor Pass
xor_19 xor Pass
xor_2 xor Pass
xor_20 xor Pass
xor_3 xor Pass
xor_4 xor Pass
xor_5 xor Pass
xor_6 xor Pass
xor_7 xor Pass
xor_8 xor Pass
xor_9 xor Pass
xori:
xori_1 xori Pass
xori_10 xori Pass
xori_11 xori Pass
xori_12 xori Pass
xori_13 xori Pass
xori_14 xori Pass
xori_15 xori Pass
xori_16 xori Pass
xori_17 xori Pass
xori_18 xori Pass
xori_19 xori Pass
xori_2 xori Pass
xori_20 xori Pass
xori_3 xori Pass
xori_4 xori Pass
xori_5 xori Pass
xori_6 xori Pass
xori_7 xori Pass
xori_8 xori Pass
xori_9 xori Pass
Testcase_1 general Pass
Testcase_2 general Pass
Testcase_3 general Pass
Testcase_4 general Pass
Testcase_3 general Pass
